// Jest Snapshot v1, https://goo.gl/fbAQLP

exports[`EventList renders correctly 1`] = `
<div>
  <div
    className="bg-white rounded shadow border p-6 mb-4 mt-0"
  >
    <h2
      className="text-2xl font-bold"
    >
      cumque vel id
    </h2>
    <div
      className="text-gray-700"
    >
      Sunday November 15th, 2020 08:07pm
    </div>
  </div>
  <div
    className="bg-white rounded shadow border p-6 mb-4 mt-0"
  >
    <h2
      className="text-2xl font-bold"
    >
      ea libero assumenda
    </h2>
    <div
      className="text-gray-700"
    >
      Sunday November 15th, 2020 08:07pm
    </div>
  </div>
  <div
    className="bg-white rounded shadow border p-6 mb-4 mt-0"
  >
    <h2
      className="text-2xl font-bold"
    >
      sint sint eum
    </h2>
    <div
      className="text-gray-700"
    >
      Sunday November 15th, 2020 08:07pm
    </div>
  </div>
</div>
`;
